../Core/Src/SMU.c:3:6:SMU_Init	104	static
../Core/Src/SMU.c:11:6:Channel1_Init	112	static
../Core/Src/SMU.c:24:6:Channel2_Init	112	static
../Core/Src/SMU.c:37:8:SMU_VoltageRead	24	static
../Core/Src/SMU.c:48:8:SMU_CurrentRead	240	static
../Core/Src/SMU.c:84:6:SMU_setAmmeterResistor	32	static
../Core/Src/SMU.c:127:6:SMU_SetVoltage	24	static
../Core/Src/SMU.c:133:6:SMU_SetCurrent	24	static
../Core/Src/SMU.c:140:6:SMU_LSV	456	static
../Core/Src/SMU.c:187:6:SMU_CV	432	static
../Core/Src/SMU.c:281:6:SMU_DPV	432	static
../Core/Src/SMU.c:336:6:SMU_SWV	432	static
../Core/Src/SMU.c:397:6:SMU_CP	432	static
../Core/Src/SMU.c:434:6:SMU_LSP	424	static
../Core/Src/SMU.c:477:6:SMU_CyP	432	static
../Core/Src/SMU.c:572:6:SMU_dualChannelMeasure	432	static
../Core/Src/SMU.c:626:6:dwin_interface	8	static
../Core/Src/SMU.c:631:6:waitForDwin	32	static
../Core/Src/SMU.c:658:6:waitForDwinTechnique	40	static
../Core/Src/SMU.c:727:6:LSV_DWIN_Page	32	static
../Core/Src/SMU.c:753:6:CV_DWIN_Page	32	static
../Core/Src/SMU.c:779:6:DPV_DWIN_Page	32	static
../Core/Src/SMU.c:805:6:SWV_DWIN_Page	32	static
../Core/Src/SMU.c:831:6:CP_DWIN_Page	32	static
../Core/Src/SMU.c:857:6:LSP_DWIN_Page	32	static
../Core/Src/SMU.c:883:6:CyP_DWIN_Page	32	static
../Core/Src/SMU.c:909:6:getLSVParameters_DWIN	464	static
../Core/Src/SMU.c:935:6:getCVParameters_DWIN	512	static
../Core/Src/SMU.c:970:6:getDPVParameters_DWIN	496	static
../Core/Src/SMU.c:1002:6:getSWVParameters_DWIN	480	static
../Core/Src/SMU.c:1031:6:getCPParameters_DWIN	448	static
../Core/Src/SMU.c:1054:6:getLSPParameters_DWIN	464	static
../Core/Src/SMU.c:1080:6:getCyPParameters_DWIN	512	static
../Core/Src/SMU.c:1115:6:pc_interface	1528	static
../Core/Src/SMU.c:1300:6:setLSVParameters	32	static
../Core/Src/SMU.c:1328:6:setCVParameters	32	static
../Core/Src/SMU.c:1366:6:setDPVParameters	32	static
../Core/Src/SMU.c:1401:6:setSWVParameters	32	static
../Core/Src/SMU.c:1433:6:setCPParameters	32	static
../Core/Src/SMU.c:1458:6:setLSPParameters	232	static
../Core/Src/SMU.c:1486:6:setCyPParameters	336	static
../Core/Src/SMU.c:1526:22:BuildLSVarray	472	static
../Core/Src/SMU.c:1551:22:BuildCVarray	504	static
../Core/Src/SMU.c:1600:22:BuildCParray	240	static
../Core/Src/SMU.c:1623:22:BuildLSParray	472	static
../Core/Src/SMU.c:1649:22:BuildCyParray	504	static
../Core/Src/SMU.c:1699:6:SMU_ProcessComandIT	4	static
../Core/Src/SMU.c:1700:6:SMU_AbortIT	4	static
../Core/Src/SMU.c:1702:6:SMU_UpdateInterfacePC	4	static
../Core/Src/SMU.c:1703:6:SMU_UpdateInterfaceDisplay	4	static
